// Jest Snapshot v1, https://goo.gl/fbAQLP

exports[`<App /> spec renders App 1`] = `
<DocumentFragment>
  <div
    class="container"
  >
    <h1>
      Start here
    </h1>
  </div>
</DocumentFragment>
`;
